<html>
<body>
<pre>
<h1>µVision Build Log</h1>
<h2>Tool Versions:</h2>
IDE-Version: ¦ÌVision V5.21.1.0
Copyright (C) 2016 ARM Ltd and ARM Germany GmbH. All rights reserved.
License Information: z hj, asd, LIC=----
 
Tool Versions:
Toolchain:       MDK-Lite  Version: 5.21a
Toolchain Path:  D:\keil5install\install_location\ARM\ARMCC\Bin
C Compiler:      Armcc.exe V5.06 update 3 (build 300)
Assembler:       Armasm.exe V5.06 update 3 (build 300)
Linker/Locator:  ArmLink.exe V5.06 update 3 (build 300)
Library Manager: ArmAr.exe V5.06 update 3 (build 300)
Hex Converter:   FromElf.exe V5.06 update 3 (build 300)
CPU DLL:         SARMCM3.DLL V5.21a
Dialog DLL:      DARMSTM.DLL V1.66.0.1
Target DLL:      STLink\ST-LINKIII-KEIL_SWO.dll V2.0.18.0
Dialog DLL:      TARMSTM.DLL V1.65.0.0
 
<h2>Project:</h2>
C:\Users\ZSH\Desktop\ÏîÄ¿\project2--can-use-uart\project\led.uvprojx
Project File Date:  01/02/2024

<h2>Output:</h2>
*** Using Compiler 'V5.06 update 3 (build 300)', folder: 'D:\keil5install\install_location\ARM\ARMCC\Bin'
Build target 'Target 1'
compiling main.c...
myusart.h(9): warning:  #1-D: last line of file ends without a newline
  #endif
pwm.h(7): warning:  #1-D: last line of file ends without a newline
  #endif
pwm9.h(8): warning:  #1-D: last line of file ends without a newline
  #endif
pwm10.h(7): warning:  #1-D: last line of file ends without a newline
  #endif
pwm11.h(7): warning:  #1-D: last line of file ends without a newline
  #endif
pwm4.h(7): warning:  #1-D: last line of file ends without a newline
  #endif
ACTION.h(11): warning:  #1-D: last line of file ends without a newline
  #endif
LEDTEST.h(6): warning:  #1-D: last line of file ends without a newline
  #endif
main.c(49): warning:  #223-D: function "pwm9_init" declared implicitly
  		pwm9_init(9);  // M9 ?æ»?6 ??Ê¼»¯
main.c(51): warning:  #223-D: function "pwm11_init" declared implicitly
  		pwm11_init(15);//M11  ?æ»?5 ??Ê¼»¯
main.c(53): warning:  #223-D: function "pwm10_init" declared implicitly
  		pwm10_init(21);//M10 ?æ»?3 ??Ê¼»¯
main.c(55): warning:  #223-D: function "pwm4_init" declared implicitly
  		pwm4_init(20);//M4	?æ»?4
main.c: 12 warnings, 0 errors
compiling pwm9.c...
compiling pwm.c...
compiling pwm11.c...
compiling pwm4.c...
compiling pwm10.c...
compiling NVIC.c...
pwm.h(7): warning:  #1-D: last line of file ends without a newline
  #endif
pwm4.h(7): warning:  #1-D: last line of file ends without a newline
  #endif
pwm5.h(7): warning:  #1-D: last line of file ends without a newline
  #endif
pwm9.h(8): warning:  #1-D: last line of file ends without a newline
  #endif
pwm10.h(7): warning:  #1-D: last line of file ends without a newline
  #endif
pwm11.h(7): warning:  #1-D: last line of file ends without a newline
  #endif
ACTION.h(11): warning:  #1-D: last line of file ends without a newline
  #endif
NVIC.c: 7 warnings, 0 errors
compiling pwm5.c...
compiling UART.c...
compiling maeching_action2.c...
myusart.h(9): warning:  #1-D: last line of file ends without a newline
  #endif
pwm.h(7): warning:  #1-D: last line of file ends without a newline
  #endif
pwm9.h(8): warning:  #1-D: last line of file ends without a newline
  #endif
pwm10.h(7): warning:  #1-D: last line of file ends without a newline
  #endif
pwm11.h(7): warning:  #1-D: last line of file ends without a newline
  #endif
pwm4.h(7): warning:  #1-D: last line of file ends without a newline
  #endif
ACTION.h(11): warning:  #1-D: last line of file ends without a newline
  #endif
maeching_action2.c(18): warning:  #223-D: function "pwm4_init" declared implicitly
  		pwm4_init(19);//M4	?æ»?4
maeching_action2.c(19): warning:  #223-D: function "delay" declared implicitly
  		delay(1000);
maeching_action2.c(23): warning:  #223-D: function "pwm9_init" declared implicitly
  		pwm9_init(15);  //?æ»?6  ???Ó¸ÕºÃ±Õº?
maeching_action2.c(26): warning:  #223-D: function "pwm10_init" declared implicitly
  		pwm10_init(18);//?æ»?3
maeching_action2.c(33): warning:  #223-D: function "pwm5_init" declared implicitly
  			pwm5_init(i);
maeching_action2.c(51): warning:  #223-D: function "pwm5_init" declared implicitly
  			pwm5_init(i);
maeching_action2.c(60): warning:  #223-D: function "pwm11_init" declared implicitly
  		pwm11_init(15);//M11  ?æ»?5 ??Ê¼»¯
maeching_action2.c(66): warning:  #1-D: last line of file ends without a newline
  }
maeching_action2.c: 15 warnings, 0 errors
compiling action1.c...
myusart.h(9): warning:  #1-D: last line of file ends without a newline
  #endif
pwm.h(7): warning:  #1-D: last line of file ends without a newline
  #endif
pwm9.h(8): warning:  #1-D: last line of file ends without a newline
  #endif
pwm10.h(7): warning:  #1-D: last line of file ends without a newline
  #endif
pwm11.h(7): warning:  #1-D: last line of file ends without a newline
  #endif
pwm4.h(7): warning:  #1-D: last line of file ends without a newline
  #endif
ACTION.h(11): warning:  #1-D: last line of file ends without a newline
  #endif
action1.c(18): warning:  #223-D: function "pwm4_init" declared implicitly
  		pwm4_init(19);//M4	?æ»?4
action1.c(19): warning:  #223-D: function "delay" declared implicitly
  		delay(1000);
action1.c(23): warning:  #223-D: function "pwm9_init" declared implicitly
  		pwm9_init(15);  //?æ»?6  ???Ó¸ÕºÃ±Õº?
action1.c(26): warning:  #223-D: function "pwm10_init" declared implicitly
  		pwm10_init(18);//?æ»?3
action1.c(33): warning:  #223-D: function "pwm5_init" declared implicitly
  			pwm5_init(i);
action1.c(50): warning:  #223-D: function "pwm5_init" declared implicitly
  			pwm5_init(i);
action1.c(59): warning:  #223-D: function "pwm11_init" declared implicitly
  		pwm11_init(15);//M11  ?æ»?5 ??Ê¼»¯
action1.c: 14 warnings, 0 errors
compiling LEDTEST.c...
LEDTEST.h(6): warning:  #1-D: last line of file ends without a newline
  #endif
LEDTEST.c: 1 warning, 0 errors
compiling maeching_action3.c...
myusart.h(9): warning:  #1-D: last line of file ends without a newline
  #endif
pwm.h(7): warning:  #1-D: last line of file ends without a newline
  #endif
pwm9.h(8): warning:  #1-D: last line of file ends without a newline
  #endif
pwm10.h(7): warning:  #1-D: last line of file ends without a newline
  #endif
pwm11.h(7): warning:  #1-D: last line of file ends without a newline
  #endif
pwm4.h(7): warning:  #1-D: last line of file ends without a newline
  #endif
ACTION.h(11): warning:  #1-D: last line of file ends without a newline
  #endif
maeching_action3.c(18): warning:  #223-D: function "pwm4_init" declared implicitly
  		pwm4_init(19);//M4	?æ»?4
maeching_action3.c(19): warning:  #223-D: function "delay" declared implicitly
  		delay(1000);
maeching_action3.c(23): warning:  #223-D: function "pwm9_init" declared implicitly
  		pwm9_init(15);  //?æ»?6  ???Ó¸ÕºÃ±Õº?
maeching_action3.c(26): warning:  #223-D: function "pwm10_init" declared implicitly
  		pwm10_init(18);//?æ»?3
maeching_action3.c(33): warning:  #223-D: function "pwm5_init" declared implicitly
  			pwm5_init(i);
maeching_action3.c(51): warning:  #223-D: function "pwm5_init" declared implicitly
  			pwm5_init(i);
maeching_action3.c(60): warning:  #223-D: function "pwm11_init" declared implicitly
  		pwm11_init(15);//M11  ?æ»?5 ??Ê¼»¯
maeching_action3.c(66): warning:  #1-D: last line of file ends without a newline
  }
maeching_action3.c: 15 warnings, 0 errors
compiling maeching_action4.c...
myusart.h(9): warning:  #1-D: last line of file ends without a newline
  #endif
pwm.h(7): warning:  #1-D: last line of file ends without a newline
  #endif
pwm9.h(8): warning:  #1-D: last line of file ends without a newline
  #endif
pwm10.h(7): warning:  #1-D: last line of file ends without a newline
  #endif
pwm11.h(7): warning:  #1-D: last line of file ends without a newline
  #endif
pwm4.h(7): warning:  #1-D: last line of file ends without a newline
  #endif
ACTION.h(11): warning:  #1-D: last line of file ends without a newline
  #endif
maeching_action4.c(18): warning:  #223-D: function "pwm4_init" declared implicitly
  		pwm4_init(19);//M4	?æ»?4
maeching_action4.c(19): warning:  #223-D: function "delay" declared implicitly
  		delay(1000);
maeching_action4.c(23): warning:  #223-D: function "pwm9_init" declared implicitly
  		pwm9_init(15);  //?æ»?6  ???Ó¸ÕºÃ±Õº?
maeching_action4.c(26): warning:  #223-D: function "pwm10_init" declared implicitly
  		pwm10_init(18);//?æ»?3
maeching_action4.c(33): warning:  #223-D: function "pwm5_init" declared implicitly
  			pwm5_init(i);
maeching_action4.c(51): warning:  #223-D: function "pwm5_init" declared implicitly
  			pwm5_init(i);
maeching_action4.c(60): warning:  #223-D: function "pwm11_init" declared implicitly
  		pwm11_init(15);//M11  ?æ»?5 ??Ê¼»¯
maeching_action4.c(66): warning:  #1-D: last line of file ends without a newline
  }
maeching_action4.c: 15 warnings, 0 errors
compiling misc.c...
compiling stm32f10x_gpio.c...
compiling stm32f10x_rcc.c...
compiling stm32f10x_tim.c...
assembling startup_stm32f10x_md.s...
compiling stm32f10x_usart.c...
compiling GPIO_STM32F10x.c...
compiling system_stm32f10x.c...
linking...
Program Size: Code=5048 RO-data=268 RW-data=24 ZI-data=1632  
FromELF: creating hex file...
".\Objects\led.axf" - 0 Error(s), 79 Warning(s).

<h2>Software Packages used:</h2>

Package Vendor: ARM
                http://www.keil.com/pack/ARM.CMSIS.4.5.0.pack
                ARM::CMSIS:CORE:4.3.0
                CMSIS (Cortex Microcontroller Software Interface Standard)
   * Component: CORE Version: 4.3.0

Package Vendor: Keil
                http://www.keil.com/pack/Keil.STM32F1xx_DFP.2.3.0.pack
                Keil::Device:StdPeriph Drivers:Framework:3.5.1
                STMicroelectronics STM32F1 Series Device Support, Drivers and Examples
   * Component: Framework Version: 3.5.1
   * Component: Startup Version: 1.0.0
   * Component: TIM Version: 3.5.0
   * Component: GPIO Version: 1.3
   * Component: RCC Version: 3.5.0
   * Component: GPIO Version: 3.5.0
   * Component: USART Version: 3.5.0

<h2>Collection of Component include folders:</h2>
  C:\Users\ZSH\Desktop\ÏîÄ¿\project2--can-use-uart\project\RTE
  C:\Users\ZSH\Desktop\ÏîÄ¿\project2--can-use-uart\project\RTE\Device\STM32F103C8
  D:\keil5install\install_location\ARM\PACK\ARM\CMSIS\4.5.0\CMSIS\Include
  D:\keil5install\install_location\ARM\PACK\Keil\STM32F1xx_DFP\2.3.0\Device\Include
  D:\keil5install\install_location\ARM\PACK\Keil\STM32F1xx_DFP\2.3.0\Device\StdPeriph_Driver\inc
  D:\keil5install\install_location\ARM\PACK\Keil\STM32F1xx_DFP\2.3.0\RTE_Driver

<h2>Collection of Component Files used:</h2>

   * Component: ARM::CMSIS:CORE:4.3.0

   * Component: Keil::Device:StdPeriph Drivers:Framework:3.5.1
      Source file:   Device\StdPeriph_Driver\templates\stm32f10x_conf.h
      Include file:  Device\StdPeriph_Driver\inc\misc.h
      Source file:   Device\StdPeriph_Driver\templates\stm32f10x_it.c
      Source file:   Device\StdPeriph_Driver\src\misc.c
      Include file:  Device\StdPeriph_Driver\templates\stm32f10x_it.h

   * Component: Keil::Device:Startup:1.0.0
      Include file:  RTE_Driver\Config\RTE_Device.h
      Source file:   Device\Source\ARM\startup_stm32f10x_md.s
      Source file:   Device\Source\system_stm32f10x.c
      Source file:   Device\Source\ARM\STM32F1xx_OPT.s

   * Component: Keil::Device:StdPeriph Drivers:TIM:3.5.0
      Include file:  Device\StdPeriph_Driver\inc\stm32f10x_tim.h
      Source file:   Device\StdPeriph_Driver\src\stm32f10x_tim.c

   * Component: Keil::Device:GPIO:1.3
      Include file:  RTE_Driver\GPIO_STM32F10x.h
      Source file:   RTE_Driver\GPIO_STM32F10x.c

   * Component: Keil::Device:StdPeriph Drivers:RCC:3.5.0
      Include file:  Device\StdPeriph_Driver\inc\stm32f10x_rcc.h
      Source file:   Device\StdPeriph_Driver\src\stm32f10x_rcc.c

   * Component: Keil::Device:StdPeriph Drivers:GPIO:3.5.0
      Source file:   Device\StdPeriph_Driver\src\stm32f10x_gpio.c
      Include file:  Device\StdPeriph_Driver\inc\stm32f10x_gpio.h

   * Component: Keil::Device:StdPeriph Drivers:USART:3.5.0
      Source file:   Device\StdPeriph_Driver\src\stm32f10x_usart.c
      Include file:  Device\StdPeriph_Driver\inc\stm32f10x_usart.h
Build Time Elapsed:  00:00:16
</pre>
</body>
</html>
